{
  "addressInfo": {
      "zipcode": 55555,
      "address": "ハワイ"
  }
}